[www.sitebuilderreport.com/index.html]
[www.sitebuilderreport.com/assets/images/favicon.png]
[d33wubrfki0l68.cloudfront.net/css/ca921a5275884c392c3aabd4a18a86eb9bd9d6b5/assets/css/styles.css]
[www.google-analytics.com/analytics.js]
[backblue.gif]
[fade.gif]
[index.html]
[d33wubrfki0l68.cloudfront.net/js/8bffb2f9d34bfa25d90b02e2a7d4c3fc0a5af3fe/assets/javascript/jquery.js]
[ucarecdn.com/89325502-fe76-4392-8b56-3e6120cbfc1f/-/resize/440x/logo.png]
[www.sitebuilderreport.com/top-picks.html]
[www.sitebuilderreport.com/best-website-builder.html]
[www.sitebuilderreport.com/free-website-builders.html]
[www.sitebuilderreport.com/best-link-in-bio-website-makers.html]
[www.sitebuilderreport.com/comparisons.html]
[www.sitebuilderreport.com/wix-vs-squarespace.html]
[www.sitebuilderreport.com/squarespace-vs-wordpress.html]
[www.sitebuilderreport.com/squarespace-vs-shopify.html]
[www.sitebuilderreport.com/squarespace-vs-godaddy.html]
[www.sitebuilderreport.com/reviews.html]
[www.sitebuilderreport.com/squarespace-review.html]
[www.sitebuilderreport.com/wix-review.html]
[www.sitebuilderreport.com/shopify-review.html]
[www.sitebuilderreport.com/webflow-review.html]
[www.sitebuilderreport.com/pricing.html]
[www.sitebuilderreport.com/best-free-website-builder.html]
[www.sitebuilderreport.com/wordpress-alternatives.html]
[www.sitebuilderreport.com/squarespace-pricing.html]
[www.sitebuilderreport.com/wix-pricing.html]
[www.sitebuilderreport.com/videos.html]
[www.sitebuilderreport.com/inspiration/index.html]
[www.sitebuilderreport.com/blog.html]
[www.sitebuilderreport.com/about.html]
[www.sitebuilderreport.com/how-to-make-a-website.html]
[www.sitebuilderreport.com/cheapest-website-builder.html]
[www.sitebuilderreport.com/best-ecommerce-builders.html]
[www.sitebuilderreport.com/sitemap-for-people.html]
[www.sitebuilderreport.com/contact.html]
[www.sitebuilderreport.com/terms-of-use.html]
[www.sitebuilderreport.com/privacy-policy.html]
[d33wubrfki0l68.cloudfront.net/js/96a5d36d7c57ae3c2d80a8e40e05e9b762d77930/assets/javascript/fontlocalstore.js]
[ucarecdn.com/libs/blinkloader/3.x/blinkloader.min.js]
[bat.bing.com/bat.js]
[connect.facebook.net/en_US/fbevents.js]
[d33wubrfki0l68.cloudfront.net/bundles/bfdac13c6ae90d45d3604d6f618693ac47fbaee0.js]
[www.sitebuilderreport.com/index.html]
[identity.netlify.com/v1/netlify-identity-widget.js]
[d33wubrfki0l68.cloudfront.net/assets/images/icons/840d74f7b1d04fbb08200337a9097c96d238f03b/top.png]
[d33wubrfki0l68.cloudfront.net/assets/images/icons/38f27854b663b8b51201b265b7bc0dfc2b0171f5/top-reverse.png]
[d33wubrfki0l68.cloudfront.net/assets/images/icons/26e77032bc472862dfb8eb34802a8f79bad0c202/mobile-menu.png]
[d33wubrfki0l68.cloudfront.net/assets/images/e073fd5c3f3f28b6e89dd38c974fe6ef6979575d/owl-lab-resized.jpg]
[d33wubrfki0l68.cloudfront.net/assets/images/icons/6bf243314ac6cd1154b6eb3f9402296835ca5603/breadcrumb.png]
[d33wubrfki0l68.cloudfront.net/assets/images/icons/29f4f1a5bf1d6ad9befd415a0f5c686e41592be2/back.png]
[d33wubrfki0l68.cloudfront.net/assets/images/1b1322f32090055a4960ef243ad625fe3514194a/author-photo-mobile.jpg]
[d33wubrfki0l68.cloudfront.net/assets/images/dc0891d27423afac3e9e08bd4694e99bfc55a4a1/trans-white.png]
[d33wubrfki0l68.cloudfront.net/assets/images/icons/064d4216d581c7fd85d0cc6014a990d62438f48e/checkmark.png]
[d33wubrfki0l68.cloudfront.net/assets/images/icons/349aa16b7d64352773b9887aab2488a663cf1d9a/x.png]
[d33wubrfki0l68.cloudfront.net/css/ca921a5275884c392c3aabd4a18a86eb9bd9d6b5/assets/css/styles.css]
[www.sitebuilderreport.com/best-small-business-website-builder.html]
[www.sitebuilderreport.com/best-website-builder-for-artists.html]
[www.sitebuilderreport.com/best-photography-website-builder.html]
[www.sitebuilderreport.com/top-picks.html]
[www.sitebuilderreport.com/free-ecommerce-builders.html]
[www.sitebuilderreport.com/steve-benjamins.html]
[www.sitebuilderreport.com/juhil-mendpara.html]
[d33wubrfki0l68.cloudfront.net/0eef52ea458c41219a3cdd4589dca19afab07a93/eee20/assets/images/lqip.png]
[d33wubrfki0l68.cloudfront.net/928ed56cc8c4fc0ffabefaaa3255fc2aff214b49/ae8e8/assets/images/play-circle-shadow.png]
[www.sitebuilderreport.com/weebly-review.html]
[www.sitebuilderreport.com/try/carrd.html]
[www.sitebuilderreport.com/state-of-website-builders/index.html]
[www.sitebuilderreport.com/try/strikingly.html]
[www.sitebuilderreport.com/try/weebly.html]
[www.sitebuilderreport.com/try/godaddy.html]
[www.sitebuilderreport.com/try/bigcommerce.html]
[www.sitebuilderreport.com/try/wordpress-com.html]
[www.sitebuilderreport.com/try/jimdo.html]
[www.sitebuilderreport.com/godaddy-review.html]
[www.sitebuilderreport.com/adobe-muse-alternatives.html]
[www.sitebuilderreport.com/try/webflow.html]
[www.sitebuilderreport.com/try/squarespace.html]
[www.sitebuilderreport.com/try/wix.html]
[www.sitebuilderreport.com/try/smugmug.49.delayed]
[www.sitebuilderreport.com/try/format.html]
[www.sitebuilderreport.com/blog/the-grid-a-much-hyped-ai-website-builder-is-near-industry-low-in-customer-satisfaction.html]
[www.sitebuilderreport.com/best-website-builder.html]
[www.sitebuilderreport.com/where-the-best-designers-go-to-find-photos-and-graphics.html]
[www.sitebuilderreport.com/48zyapko62.4e.delayed]
[www.sitebuilderreport.com/free-website-builders.html]
[www.sitebuilderreport.com/website-articles.html]
[www.sitebuilderreport.com/website-vs-landing-page.html]
[www.sitebuilderreport.com/squarespace-examples.html]
[www.sitebuilderreport.com/inspiration/accountant-websites.html]
[www.sitebuilderreport.com/inspiration/photography-website-examples.html]
[www.sitebuilderreport.com/inspiration/podcast-websites.html]
[www.sitebuilderreport.com/inspiration/politician-websites.html]
[www.sitebuilderreport.com/inspiration/artist-websites.html]
[www.sitebuilderreport.com/inspiration/one-page-websites.html]
[embed-ssl.wistia.com/deliveries/fb652b0a518c23f97f1e9ab43467ee73a3d787dc.jpg]
[embed-ssl.wistia.com/deliveries/25a5566d3421178d3ee8a71c7740fe2d35034196.jpg]
[embed-ssl.wistia.com/deliveries/6b3c5432062e8d2175a103c36ea3564f8c8a9616.jpg]
[embed-ssl.wistia.com/deliveries/f2432d7efbc28bc3db210ba6161867e8c3c5fe27.jpg]
[embed-ssl.wistia.com/deliveries/ac9e7f19e9fc651b6e39decbd575d1eed8fff7c2.jpg]
[embed-ssl.wistia.com/deliveries/3c2d03f631d3d5dd8416d0e81648dd7d3e7ec138.jpg]
[www.sitebuilderreport.com/inspiration/blog-examples.html]
[www.sitebuilderreport.com/best-map-maker-tools.html]
[www.sitebuilderreport.com/best-website-builder-bfcm-deals.html]
[d33wubrfki0l68.cloudfront.net/9bc263ff33b7a80b3c3465a1362f6d0a9d7e8638/87857/assets/images/placeholder.jpg]
[www.sitebuilderreport.com/biggest-companies-using-shopify.html]
[www.sitebuilderreport.com/blog/examples-of-bad-design-in-the-real-world.html]
[www.sitebuilderreport.com/blog/web-design-and-ai.html]
[www.sitebuilderreport.com/google-my-maps-alternatives.html]
[www.sitebuilderreport.com/linkfolio-alternatives.html]
[www.sitebuilderreport.com/small-business-website-stats.html]
[www.sitebuilderreport.com/squarespace-promo-codes.html]
[www.sitebuilderreport.com/types-of-websites.html]
[www.sitebuilderreport.com/website-builder-student-discounts.html]
[www.sitebuilderreport.com/best-link-in-bio-website-makers.html]
[www.sitebuilderreport.com/website-vs-blog.html]
[www.sitebuilderreport.com/blog/wordpress-vs-website-builders.html]
[www.sitebuilderreport.com/shopify-vs-woocommerce.html]
[www.sitebuilderreport.com/wix-vs-shopify.html]
[www.sitebuilderreport.com/wix-vs-weebly.html]
[www.sitebuilderreport.com/comparisons.html]
[www.sitebuilderreport.com/wix-vs-wordpress.html]
[www.sitebuilderreport.com/try/wix8832.html]
[www.sitebuilderreport.com/try/squarespace8832.html]
[embed-ssl.wistia.com/deliveries/22cf9d6e825126dd6673106fff95091e9a383ee4.jpg]
[embed-ssl.wistia.com/deliveries/27cd1039c3bc9c1388213ed17b55f5d39dae4863.jpg]
[embed-ssl.wistia.com/deliveries/002020f625ffbaacb298522117a05490a9ff2afd.jpg]
[embed-ssl.wistia.com/deliveries/bb3703e957ea95905afcff6cb26b5dac3234732f.jpg]
[embed-ssl.wistia.com/deliveries/98a0134839292bd1b3190923d1124813849082c2.jpg]
[embed-ssl.wistia.com/deliveries/cfbb0bfd73c887aa906a57035c84834ce2d54853.jpg]
[embed-ssl.wistia.com/deliveries/6a10f0236523e09fc259fda91dbc8f8392c4d9da.jpg]
[embed-ssl.wistia.com/deliveries/5b7b80c5d875153cc387211b3f6424432ab1786b.jpg]
[www.sitebuilderreport.com/wix-vs-squarespace.html]
[embed-ssl.wistia.com/deliveries/c60e3ca2a59e286fe5e29ca0db108071.jpg]
[embed-ssl.wistia.com/deliveries/4c783153d9daa910e1999db0d2020b05.jpg]
[embed-ssl.wistia.com/deliveries/a7ef8187dc67afd5f537caed1e6194d4.jpg]
[embed-ssl.wistia.com/deliveries/e16dab9a2a6ad55e37cee89dd35017a1.jpg]
[embed-ssl.wistia.com/deliveries/dc5b72e1d95e7a50a167640c09ea1858.jpg]
[embed-ssl.wistia.com/deliveries/282f8968e952899a2c5c4380be606b4e.jpg]
[embed-ssl.wistia.com/deliveries/ace65e89c0c80b6954972040c485a400146b6698.jpg]
[embed-ssl.wistia.com/deliveries/6bdc9d0692e2c441ff99afd60fae2de9f08231c4.jpg]
[embed-ssl.wistia.com/deliveries/59f81890b9465371d64ec10121a93c25cf2c0b49.jpg]
[embed-ssl.wistia.com/deliveries/30b10f933eb9e09cf8be93b6483fdfefb8b2c0c8.jpg]
[www.sitebuilderreport.com/wordpress.86.delayed]
[www.sitebuilderreport.com/squarespace-vs-wordpress.html]
[www.sitebuilderreport.com/how-to-build-an-online-store.html]
[www.sitebuilderreport.com/inspiration/church-websites.html]
[www.sitebuilderreport.com/inspiration/portfolio-websites.html]
[www.sitebuilderreport.com/inspiration/wedding-websites-examples.html]
[www.sitebuilderreport.com/inspiration/squarespace-ecommerce-examples.html]
[www.sitebuilderreport.com/inspiration/squarespace-blog-examples.html]
[www.sitebuilderreport.com/assets/images/lqip.png]
[www.sitebuilderreport.com/squarespace-vs-shopify.html]
[www.sitebuilderreport.com/shopify-pricing.html]
[www.sitebuilderreport.com/ben-pilkington.html]
[embed-ssl.wistia.com/deliveries/cf0acfec2145f8cf36aafdf5f861d9a6bdb51757.jpg]
[embed-ssl.wistia.com/deliveries/9e2b75c080a99d1c7a4c919cda9b862be01753aa.jpg]
[embed-ssl.wistia.com/deliveries/6f81d0241aaa20c4cfa9929b1961c9169a17413e.jpg]
[embed-ssl.wistia.com/deliveries/15710482b394cf846bf7e79ea99e41bfa8c000c5.jpg]
[embed-ssl.wistia.com/deliveries/c8ad6d99c213a6954ecb827b1ea3804f3cfd9457.jpg]
[www.sitebuilderreport.com/godaddy-examples.html]
[embed-ssl.wistia.com/deliveries/7d0cc3433d2876454af8c7df51015377a0caa481.jpg]
[www.sitebuilderreport.com/squarespace-vs-godaddy.html]
[www.sitebuilderreport.com/reviews.html]
[www.sitebuilderreport.com/squarespace-review.html]
[www.sitebuilderreport.com/try/shopify.html]
[embed-ssl.wistia.com/deliveries/3d3b1c362c0e5847f1ea7735b33709c62f2e0873.jpg]
[embed-ssl.wistia.com/deliveries/36c746ba74718db70089654c549f6346eaa5fc62.jpg]
[embed-ssl.wistia.com/deliveries/68b909e3f35e78c418da0be73ab2d78beaa7e3a4.jpg]
[embed-ssl.wistia.com/deliveries/37e1d006ea32cba2db1bee437b950fee533ea26f.jpg]
[embed-ssl.wistia.com/deliveries/bfd8f187411a3a45cc7e9ede71f8b10c79b7db2e.jpg]
[embed-ssl.wistia.com/deliveries/a5f62c16bb5ed64a3fd7bdc89e1f78ee911dda03.jpg]
[embed-ssl.wistia.com/deliveries/7421ab125e130337cfcb1a2138825db2ad0b00c1.jpg]
[embed-ssl.wistia.com/deliveries/8ac9ddeda0bb53a02e56005de0beed7ccbf81ba4.jpg]
[embed-ssl.wistia.com/deliveries/ba392cdabb735b0b128d853c86d759436124fdf0.jpg]
[embed-ssl.wistia.com/deliveries/44c21708bf85ffdce191ae55c443fa6e75289386.jpg]
[embed-ssl.wistia.com/deliveries/0c607dcf81a8f5262aac68f79f756fc1990f611c.jpg]
[embed-ssl.wistia.com/deliveries/e707512edb7ccf6451d26c20a48ecfcafff7e8dd.jpg]
[embed-ssl.wistia.com/deliveries/19c2404de23b167adaa1f0921287a6cf462f6077.jpg]
[www.sitebuilderreport.com/wix-review.html]
[embed-ssl.wistia.com/deliveries/fd41f67aa96ff6725420c12f95e27179c5b93b5a.jpg]
[embed-ssl.wistia.com/deliveries/6fab3365959e238bf62112ec66166153f31dd22b.jpg]
[embed-ssl.wistia.com/deliveries/fd189f41a9cf234694e97e451080c3432b5a7092.jpg]
[embed-ssl.wistia.com/deliveries/a7d21bdcd1f0039f989991e7e476d25a136b1e05.jpg]
[embed-ssl.wistia.com/deliveries/e7f21b2c6db097f9362e3b3bb64d5de52b25286c.jpg]
[embed-ssl.wistia.com/deliveries/04f37395a82a9f9bacea9b959734c36d0bf623e6.jpg]
[embed-ssl.wistia.com/deliveries/5f7fa5f9c33d68bb72f60474de55487923728228.jpg]
[embed-ssl.wistia.com/deliveries/8bb9fa5f41f82457c6d05b69f2a4fa57e9674d28.jpg]
[www.sitebuilderreport.com/shopify-review.html]
[embed-ssl.wistia.com/deliveries/cbbaf2965130ea972d675b8b07524c8996db1c61.jpg]
[embed-ssl.wistia.com/deliveries/a59ec9364dc1230262a7b9d1089122fe1390b445.jpg]
[embed-ssl.wistia.com/deliveries/fcf8a3308de1a88d1046e18e5b0e1d8cc3c69523.jpg]
[embed-ssl.wistia.com/deliveries/eca56c80b239018e1889bb030633249743b30cbe.jpg]
[www.sitebuilderreport.com/webflow-review.html]
[www.sitebuilderreport.com/pricing.html]
[www.sitebuilderreport.com/weebly-pricing.html]
[www.sitebuilderreport.com/best-free-website-builder.html]
[www.sitebuilderreport.com/try/square.html]
[embed-ssl.wistia.com/deliveries/9a7545eea09aa6e797d2249880493c7db286f9cb.jpg]
[www.sitebuilderreport.com/inspiration/art-portfolios.html]
[embed-ssl.wistia.com/deliveries/ab773937192351c9c86d53512d5a8ad9a2660712.jpg]
[www.sitebuilderreport.com/inspiration/author-websites.html]
[embed-ssl.wistia.com/deliveries/881d0280e91595fa910bc9f6634596523bd54616.jpg]
[embed-ssl.wistia.com/deliveries/f209730d7cba8f7be490ed3e97de7b87894d0be7.jpg]
[www.sitebuilderreport.com/_ https_/wordpress.org/plugins/webflow-pages/index.html]
[www.sitebuilderreport.com/_ https_/university.webflow.com/index.html]
[www.sitebuilderreport.com/medium.ba.delayed]
[embed-ssl.wistia.com/deliveries/dcc4918838efcce2b6c8c12ce6d1ae4267c7e8c2.jpg]
[www.sitebuilderreport.com/drupal.bd.delayed]
[www.sitebuilderreport.com/wordpress-alternatives.html]
[www.sitebuilderreport.com/inspiration/personal-websites.html]
[www.sitebuilderreport.com/inspiration/shopify-blog-examples.html]
[www.sitebuilderreport.com/inspiration/restaurant-websites.html]
[www.sitebuilderreport.com/inspiration/fitness-websites.html]
[www.sitebuilderreport.com/inspiration/marketing-portfolios.html]
[www.sitebuilderreport.com/inspiration/wedding-planner-websites.html]
[www.sitebuilderreport.com/squarespace-pricing.html]
[www.sitebuilderreport.com/wix-pricing.html]
[www.sitebuilderreport.com/best-websites-2022/index.html]
[www.sitebuilderreport.com/inspiration/actors-websites.html]
[www.sitebuilderreport.com/inspiration/agency-websites.html]
[www.sitebuilderreport.com/inspiration/architect-websites.html]
[www.sitebuilderreport.com/inspiration/beauty-websites.html]
[www.sitebuilderreport.com/inspiration/cafe-coffee-shop-websites.html]
[www.sitebuilderreport.com/inspiration/cartoonist-website-portfolios.html]
[www.sitebuilderreport.com/inspiration/charity-website-examples.html]
[www.sitebuilderreport.com/inspiration/coaching-websites.html]
[www.sitebuilderreport.com/inspiration/construction-websites.html]
[www.sitebuilderreport.com/inspiration/consulting-websites.html]
[www.sitebuilderreport.com/inspiration/contractor-websites.html]
[www.sitebuilderreport.com/inspiration/copywriting-portfolio-examples.html]
[www.sitebuilderreport.com/inspiration/dentist-websites.html]
[www.sitebuilderreport.com/inspiration/web-developer-designer-portfolios.html]
[www.sitebuilderreport.com/inspiration/doctor-healthcare-website-examples.html]
[www.sitebuilderreport.com/inspiration/dropshipping-store-examples.html]
[www.sitebuilderreport.com/inspiration/ecommerce-website-examples.html]
[www.sitebuilderreport.com/inspiration/event-planner-websites.html]
[www.sitebuilderreport.com/inspiration/event-websites.html]
[www.sitebuilderreport.com/inspiration/fashion-websites.html]
[www.sitebuilderreport.com/inspiration/florist-and-flower-shop-websites.html]
[www.sitebuilderreport.com/inspiration/food-truck-websites.html]
[www.sitebuilderreport.com/inspiration/food-websites.html]
[www.sitebuilderreport.com/google-sites-examples.html]
[www.sitebuilderreport.com/inspiration/graphic-design-portfolios.html]
[www.sitebuilderreport.com/inspiration/handyman-websites.html]
[www.sitebuilderreport.com/inspiration/illustrator-portfolios.html]
[www.sitebuilderreport.com/inspiration/interior-design-websites.html]
[www.sitebuilderreport.com/inspiration/lawyer-websites.html]
[www.sitebuilderreport.com/inspiration/massage-therapist-websites.html]
[www.sitebuilderreport.com/inspiration/modern-websites.html]
[www.sitebuilderreport.com/inspiration/musician-website-examples.html]
[www.sitebuilderreport.com/inspiration/real-estate-websites.html]
[www.sitebuilderreport.com/inspiration/resume-websites.html]
[www.sitebuilderreport.com/salon-websites.html]
[www.sitebuilderreport.com/inspiration/school-websites.html]
[www.sitebuilderreport.com/inspiration/service-websites.html]
[www.sitebuilderreport.com/shopify-stores-examples.html]
[www.sitebuilderreport.com/inspiration/simple-minimal-websites.html]
[www.sitebuilderreport.com/inspiration/singer-songwriter-websites.html]
[www.sitebuilderreport.com/inspiration/small-business-websites.html]
[www.sitebuilderreport.com/inspiration/spa-websites.html]
[www.sitebuilderreport.com/inspiration/squarespace-portfolio-examples.html]
[www.sitebuilderreport.com/inspiration/student-portfolio-examples.html]
[www.sitebuilderreport.com/inspiration/teacher-website-examples.html]
[www.sitebuilderreport.com/inspiration/therapist-website-examples.html]
[www.sitebuilderreport.com/inspiration/travel-agency-websites.html]
[www.sitebuilderreport.com/inspiration/ux-portfolios.html]
[www.sitebuilderreport.com/inspiration/videography-website-examples.html]
[www.sitebuilderreport.com/weebly-examples.html]
[www.sitebuilderreport.com/wix-examples.html]
[www.sitebuilderreport.com/inspiration/writer-websites.html]
[www.sitebuilderreport.com/inspiration/index.html]
[www.sitebuilderreport.com/inspiration/yoga-websites.html]
[www.sitebuilderreport.com/videos.html]
[www.sitebuilderreport.com/videos-2.html]
[www.sitebuilderreport.com/blog-2.html]
[www.sitebuilderreport.com/tutorials.html]
[www.sitebuilderreport.com/entrepreneurship.html]
[www.sitebuilderreport.com/-/scale_crop/1060x570/center/index.html]
[www.sitebuilderreport.com/origin-stories/elon-musk.html]
[www.sitebuilderreport.com/origin-stories/humans-of-new-york.html]
[www.sitebuilderreport.com/map-multiple-locations.html]
[www.sitebuilderreport.com/how-to-make-restaurant-website.html]
[www.sitebuilderreport.com/blog/how-to-take-your-own-professional-headshot-with-an-iphone.html]
[www.sitebuilderreport.com/blog/how-to-cultivate-culture-in-online-communities.html]
[www.sitebuilderreport.com/blog/how-long-does-it-take-saas-companies-to-reply-to-support-emails.html]
[www.sitebuilderreport.com/blog.html]
[www.sitebuilderreport.com/blog/a-beginners-guide-to-writing-well.html]
[www.sitebuilderreport.com/about-2.html]
[www.sitebuilderreport.com/dan-shure.html]
[www.sitebuilderreport.com/about.html]
[www.sitebuilderreport.com/how-to-make-a-website.html]
[www.sitebuilderreport.com/mark-mann.html]
[www.sitebuilderreport.com/try/webnode.html]
[www.sitebuilderreport.com/try/yola.html]
[www.sitebuilderreport.com/try/webs.html]
[www.sitebuilderreport.com/try/ukit.html]
[www.sitebuilderreport.com/try/web-com.html]
[www.sitebuilderreport.com/try/ucraft.html]
[www.sitebuilderreport.com/try/tilda.110.delayed]
[www.sitebuilderreport.com/try/duda.111.delayed]
[www.sitebuilderreport.com/try/sitebuilder-com.html]
[www.sitebuilderreport.com/try/big-cartel.html]
[www.sitebuilderreport.com/try/ecwid.html]
[www.sitebuilderreport.com/try/jumpseller.html]
[www.sitebuilderreport.com/cheapest-website-builder.html]
[www.sitebuilderreport.com/try/volusion.html]
[www.sitebuilderreport.com/best-ecommerce-builders.html]
[www.sitebuilderreport.com/sitemap-for-people.html]
[www.sitebuilderreport.com/contact.html]
[www.sitebuilderreport.com/terms-of-use.html]
[www.sitebuilderreport.com/privacy-policy.html]
[connect.facebook.net/en_US/fbevents.js]
[www.sitebuilderreport.com/best-small-business-website-builder.html]
[www.sitebuilderreport.com/best-website-builder-for-artists.html]
[www.sitebuilderreport.com/best-photography-website-builder.html]
[www.sitebuilderreport.com/free-ecommerce-builders.html]
[www.sitebuilderreport.com/steve-benjamins.html]
